Analysis & Synthesis report for 7SegController
Tue Apr 12 16:11:58 2022
Quartus Prime Version 20.1.1 Build 720 11/11/2020 SJ Lite Edition


---------------------
; Table of Contents ;
---------------------
  1. Legal Notice
  2. Analysis & Synthesis Summary
  3. Analysis & Synthesis Settings
  4. Parallel Compilation
  5. Analysis & Synthesis Source Files Read
  6. Analysis & Synthesis Resource Usage Summary
  7. Analysis & Synthesis Resource Utilization by Entity
  8. State Machine - |DE10_LITE_Golden_Top|nextStep
  9. State Machine - |DE10_LITE_Golden_Top|step
 10. Logic Cells Representing Combinational Loops
 11. Registers Removed During Synthesis
 12. Removed Registers Triggering Further Register Optimizations
 13. General Register Statistics
 14. Inverted Register Statistics
 15. Multiplexer Restructuring Statistics (Restructuring Performed)
 16. Parameter Settings for User Entity Instance: Top-level Entity: |DE10_LITE_Golden_Top
 17. Parameter Settings for User Entity Instance: Prescaler:pres
 18. Parameter Settings for User Entity Instance: Prescaler:presUART
 19. Port Connectivity Checks: "UART:uart0|PulseGenerator:pGen|FlipFlopSR:ffSRB"
 20. Port Connectivity Checks: "UART:uart0|PulseGenerator:pGen|FlipFlopSR:ffSRA"
 21. Port Connectivity Checks: "UART:uart0"
 22. Port Connectivity Checks: "SevSegController:ssc3"
 23. Port Connectivity Checks: "SevSegController:ssc2"
 24. Port Connectivity Checks: "SevSegController:ssc5"
 25. Port Connectivity Checks: "SevSegController:ssc4"
 26. Port Connectivity Checks: "SevSegController:ssc1"
 27. Post-Synthesis Netlist Statistics for Top Partition
 28. Elapsed Time Per Partition
 29. Analysis & Synthesis Messages
 30. Analysis & Synthesis Suppressed Messages



----------------
; Legal Notice ;
----------------
Copyright (C) 2020  Intel Corporation. All rights reserved.
Your use of Intel Corporation's design tools, logic functions 
and other software and tools, and any partner logic 
functions, and any output files from any of the foregoing 
(including device programming or simulation files), and any 
associated documentation or information are expressly subject 
to the terms and conditions of the Intel Program License 
Subscription Agreement, the Intel Quartus Prime License Agreement,
the Intel FPGA IP License Agreement, or other applicable license
agreement, including, without limitation, that your use is for
the sole purpose of programming logic devices manufactured by
Intel and sold by Intel or its authorized distributors.  Please
refer to the applicable agreement for further details, at
https://fpgasoftware.intel.com/eula.



+----------------------------------------------------------------------------------+
; Analysis & Synthesis Summary                                                     ;
+------------------------------------+---------------------------------------------+
; Analysis & Synthesis Status        ; Successful - Tue Apr 12 16:11:58 2022       ;
; Quartus Prime Version              ; 20.1.1 Build 720 11/11/2020 SJ Lite Edition ;
; Revision Name                      ; 7SegController                              ;
; Top-level Entity Name              ; DE10_LITE_Golden_Top                        ;
; Family                             ; MAX 10                                      ;
; Total logic elements               ; 323                                         ;
;     Total combinational functions  ; 234                                         ;
;     Dedicated logic registers      ; 211                                         ;
; Total registers                    ; 211                                         ;
; Total pins                         ; 145                                         ;
; Total virtual pins                 ; 0                                           ;
; Total memory bits                  ; 0                                           ;
; Embedded Multiplier 9-bit elements ; 0                                           ;
; Total PLLs                         ; 0                                           ;
; UFM blocks                         ; 0                                           ;
; ADC blocks                         ; 0                                           ;
+------------------------------------+---------------------------------------------+


+--------------------------------------------------------------------------------------------------------------+
; Analysis & Synthesis Settings                                                                                ;
+------------------------------------------------------------------+----------------------+--------------------+
; Option                                                           ; Setting              ; Default Value      ;
+------------------------------------------------------------------+----------------------+--------------------+
; Device                                                           ; 10M50DAF484C6GES     ;                    ;
; Top-level entity name                                            ; DE10_LITE_Golden_Top ; 7SegController     ;
; Family name                                                      ; MAX 10               ; Cyclone V          ;
; Use smart compilation                                            ; Off                  ; Off                ;
; Enable parallel Assembler and Timing Analyzer during compilation ; On                   ; On                 ;
; Enable compact report table                                      ; Off                  ; Off                ;
; Restructure Multiplexers                                         ; Auto                 ; Auto               ;
; Create Debugging Nodes for IP Cores                              ; Off                  ; Off                ;
; Preserve fewer node names                                        ; On                   ; On                 ;
; Intel FPGA IP Evaluation Mode                                    ; Enable               ; Enable             ;
; Verilog Version                                                  ; Verilog_2001         ; Verilog_2001       ;
; VHDL Version                                                     ; VHDL_1993            ; VHDL_1993          ;
; State Machine Processing                                         ; Auto                 ; Auto               ;
; Safe State Machine                                               ; Off                  ; Off                ;
; Extract Verilog State Machines                                   ; On                   ; On                 ;
; Extract VHDL State Machines                                      ; On                   ; On                 ;
; Ignore Verilog initial constructs                                ; Off                  ; Off                ;
; Iteration limit for constant Verilog loops                       ; 5000                 ; 5000               ;
; Iteration limit for non-constant Verilog loops                   ; 250                  ; 250                ;
; Add Pass-Through Logic to Inferred RAMs                          ; On                   ; On                 ;
; Infer RAMs from Raw Logic                                        ; On                   ; On                 ;
; Parallel Synthesis                                               ; On                   ; On                 ;
; DSP Block Balancing                                              ; Auto                 ; Auto               ;
; NOT Gate Push-Back                                               ; On                   ; On                 ;
; Power-Up Don't Care                                              ; On                   ; On                 ;
; Remove Redundant Logic Cells                                     ; Off                  ; Off                ;
; Remove Duplicate Registers                                       ; On                   ; On                 ;
; Ignore CARRY Buffers                                             ; Off                  ; Off                ;
; Ignore CASCADE Buffers                                           ; Off                  ; Off                ;
; Ignore GLOBAL Buffers                                            ; Off                  ; Off                ;
; Ignore ROW GLOBAL Buffers                                        ; Off                  ; Off                ;
; Ignore LCELL Buffers                                             ; Off                  ; Off                ;
; Ignore SOFT Buffers                                              ; On                   ; On                 ;
; Limit AHDL Integers to 32 Bits                                   ; Off                  ; Off                ;
; Optimization Technique                                           ; Balanced             ; Balanced           ;
; Carry Chain Length                                               ; 70                   ; 70                 ;
; Auto Carry Chains                                                ; On                   ; On                 ;
; Auto Open-Drain Pins                                             ; On                   ; On                 ;
; Perform WYSIWYG Primitive Resynthesis                            ; Off                  ; Off                ;
; Auto ROM Replacement                                             ; On                   ; On                 ;
; Auto RAM Replacement                                             ; On                   ; On                 ;
; Auto DSP Block Replacement                                       ; On                   ; On                 ;
; Auto Shift Register Replacement                                  ; Auto                 ; Auto               ;
; Allow Shift Register Merging across Hierarchies                  ; Auto                 ; Auto               ;
; Auto Clock Enable Replacement                                    ; On                   ; On                 ;
; Strict RAM Replacement                                           ; Off                  ; Off                ;
; Allow Synchronous Control Signals                                ; On                   ; On                 ;
; Force Use of Synchronous Clear Signals                           ; Off                  ; Off                ;
; Auto RAM Block Balancing                                         ; On                   ; On                 ;
; Auto RAM to Logic Cell Conversion                                ; Off                  ; Off                ;
; Auto Resource Sharing                                            ; Off                  ; Off                ;
; Allow Any RAM Size For Recognition                               ; Off                  ; Off                ;
; Allow Any ROM Size For Recognition                               ; Off                  ; Off                ;
; Allow Any Shift Register Size For Recognition                    ; Off                  ; Off                ;
; Use LogicLock Constraints during Resource Balancing              ; On                   ; On                 ;
; Ignore translate_off and synthesis_off directives                ; Off                  ; Off                ;
; Timing-Driven Synthesis                                          ; On                   ; On                 ;
; Report Parameter Settings                                        ; On                   ; On                 ;
; Report Source Assignments                                        ; On                   ; On                 ;
; Report Connectivity Checks                                       ; On                   ; On                 ;
; Ignore Maximum Fan-Out Assignments                               ; Off                  ; Off                ;
; Synchronization Register Chain Length                            ; 2                    ; 2                  ;
; Power Optimization During Synthesis                              ; Normal compilation   ; Normal compilation ;
; HDL message level                                                ; Level2               ; Level2             ;
; Suppress Register Optimization Related Messages                  ; Off                  ; Off                ;
; Number of Removed Registers Reported in Synthesis Report         ; 5000                 ; 5000               ;
; Number of Swept Nodes Reported in Synthesis Report               ; 5000                 ; 5000               ;
; Number of Inverted Registers Reported in Synthesis Report        ; 100                  ; 100                ;
; Clock MUX Protection                                             ; On                   ; On                 ;
; Auto Gated Clock Conversion                                      ; Off                  ; Off                ;
; Block Design Naming                                              ; Auto                 ; Auto               ;
; SDC constraint protection                                        ; Off                  ; Off                ;
; Synthesis Effort                                                 ; Auto                 ; Auto               ;
; Shift Register Replacement - Allow Asynchronous Clear Signal     ; On                   ; On                 ;
; Pre-Mapping Resynthesis Optimization                             ; Off                  ; Off                ;
; Analysis & Synthesis Message Level                               ; Medium               ; Medium             ;
; Disable Register Merging Across Hierarchies                      ; Auto                 ; Auto               ;
; Resource Aware Inference For Block RAM                           ; On                   ; On                 ;
+------------------------------------------------------------------+----------------------+--------------------+


+------------------------------------------+
; Parallel Compilation                     ;
+----------------------------+-------------+
; Processors                 ; Number      ;
+----------------------------+-------------+
; Number detected on machine ; 16          ;
; Maximum allowed            ; 16          ;
;                            ;             ;
; Average used               ; 1.00        ;
; Maximum used               ; 16          ;
;                            ;             ;
; Usage by Processor         ; % Time Used ;
;     Processor 1            ; 100.0%      ;
;     Processor 2            ;   0.0%      ;
;     Processors 3-16        ;   0.0%      ;
+----------------------------+-------------+


+----------------------------------------------------------------------------------------------------------------------------------------------------+
; Analysis & Synthesis Source Files Read                                                                                                             ;
+----------------------------------+-----------------+------------------------+------------------------------------------------------------+---------+
; File Name with User-Entered Path ; Used in Netlist ; File Type              ; File Name with Absolute Path                               ; Library ;
+----------------------------------+-----------------+------------------------+------------------------------------------------------------+---------+
; PulseGenerator.v                 ; yes             ; User Verilog HDL File  ; D:/Projects/GB_Cartdrige_Dumper/src/PulseGenerator.v       ;         ;
; FlipFlopSR.v                     ; yes             ; User Verilog HDL File  ; D:/Projects/GB_Cartdrige_Dumper/src/FlipFlopSR.v           ;         ;
; UART.v                           ; yes             ; User Verilog HDL File  ; D:/Projects/GB_Cartdrige_Dumper/src/UART.v                 ;         ;
; bidirec.v                        ; yes             ; User Verilog HDL File  ; D:/Projects/GB_Cartdrige_Dumper/src/bidirec.v              ;         ;
; DE10_LITE_Golden_Top.v           ; yes             ; User Verilog HDL File  ; D:/Projects/GB_Cartdrige_Dumper/src/DE10_LITE_Golden_Top.v ;         ;
; SevSegController.v               ; yes             ; User Verilog HDL File  ; D:/Projects/GB_Cartdrige_Dumper/src/SevSegController.v     ;         ;
; Prescaler.v                      ; yes             ; User Verilog HDL File  ; D:/Projects/GB_Cartdrige_Dumper/src/Prescaler.v            ;         ;
+----------------------------------+-----------------+------------------------+------------------------------------------------------------+---------+


+-----------------------------------------------------------------------+
; Analysis & Synthesis Resource Usage Summary                           ;
+---------------------------------------------+-------------------------+
; Resource                                    ; Usage                   ;
+---------------------------------------------+-------------------------+
; Estimated Total logic elements              ; 323                     ;
;                                             ;                         ;
; Total combinational functions               ; 234                     ;
; Logic element usage by number of LUT inputs ;                         ;
;     -- 4 input functions                    ; 107                     ;
;     -- 3 input functions                    ; 34                      ;
;     -- <=2 input functions                  ; 93                      ;
;                                             ;                         ;
; Logic elements by mode                      ;                         ;
;     -- normal mode                          ; 145                     ;
;     -- arithmetic mode                      ; 89                      ;
;                                             ;                         ;
; Total registers                             ; 211                     ;
;     -- Dedicated logic registers            ; 211                     ;
;     -- I/O registers                        ; 0                       ;
;                                             ;                         ;
; I/O pins                                    ; 145                     ;
;                                             ;                         ;
; Embedded Multiplier 9-bit elements          ; 0                       ;
;                                             ;                         ;
; Maximum fan-out node                        ; Prescaler:pres|count[6] ;
; Maximum fan-out                             ; 155                     ;
; Total fan-out                               ; 1585                    ;
; Average fan-out                             ; 2.01                    ;
+---------------------------------------------+-------------------------+


+------------------------------------------------------------------------------------------------------------------------------------------------------------------------------------------------------------------------------------------------------------------------------------------------+
; Analysis & Synthesis Resource Utilization by Entity                                                                                                                                                                                                                                            ;
+-----------------------------+---------------------+---------------------------+-------------+------------+--------------+---------+-----------+------+--------------+------------+-----------------------------------------------------------------------+----------------------+--------------+
; Compilation Hierarchy Node  ; Combinational ALUTs ; Dedicated Logic Registers ; Memory Bits ; UFM Blocks ; DSP Elements ; DSP 9x9 ; DSP 18x18 ; Pins ; Virtual Pins ; ADC blocks ; Full Hierarchy Name                                                   ; Entity Name          ; Library Name ;
+-----------------------------+---------------------+---------------------------+-------------+------------+--------------+---------+-----------+------+--------------+------------+-----------------------------------------------------------------------+----------------------+--------------+
; |DE10_LITE_Golden_Top       ; 234 (125)           ; 211 (154)                 ; 0           ; 0          ; 0            ; 0       ; 0         ; 145  ; 0            ; 0          ; |DE10_LITE_Golden_Top                                                 ; DE10_LITE_Golden_Top ; work         ;
;    |Prescaler:presUART|     ; 5 (5)               ; 4 (4)                     ; 0           ; 0          ; 0            ; 0       ; 0         ; 0    ; 0            ; 0          ; |DE10_LITE_Golden_Top|Prescaler:presUART                              ; Prescaler            ; work         ;
;    |Prescaler:pres|         ; 4 (4)               ; 4 (4)                     ; 0           ; 0          ; 0            ; 0       ; 0         ; 0    ; 0            ; 0          ; |DE10_LITE_Golden_Top|Prescaler:pres                                  ; Prescaler            ; work         ;
;    |SevSegController:ssc0|  ; 7 (7)               ; 0 (0)                     ; 0           ; 0          ; 0            ; 0       ; 0         ; 0    ; 0            ; 0          ; |DE10_LITE_Golden_Top|SevSegController:ssc0                           ; SevSegController     ; work         ;
;    |SevSegController:ssc1|  ; 7 (7)               ; 0 (0)                     ; 0           ; 0          ; 0            ; 0       ; 0         ; 0    ; 0            ; 0          ; |DE10_LITE_Golden_Top|SevSegController:ssc1                           ; SevSegController     ; work         ;
;    |SevSegController:ssc2|  ; 7 (7)               ; 0 (0)                     ; 0           ; 0          ; 0            ; 0       ; 0         ; 0    ; 0            ; 0          ; |DE10_LITE_Golden_Top|SevSegController:ssc2                           ; SevSegController     ; work         ;
;    |SevSegController:ssc3|  ; 7 (7)               ; 0 (0)                     ; 0           ; 0          ; 0            ; 0       ; 0         ; 0    ; 0            ; 0          ; |DE10_LITE_Golden_Top|SevSegController:ssc3                           ; SevSegController     ; work         ;
;    |SevSegController:ssc4|  ; 7 (7)               ; 0 (0)                     ; 0           ; 0          ; 0            ; 0       ; 0         ; 0    ; 0            ; 0          ; |DE10_LITE_Golden_Top|SevSegController:ssc4                           ; SevSegController     ; work         ;
;    |SevSegController:ssc5|  ; 7 (7)               ; 0 (0)                     ; 0           ; 0          ; 0            ; 0       ; 0         ; 0    ; 0            ; 0          ; |DE10_LITE_Golden_Top|SevSegController:ssc5                           ; SevSegController     ; work         ;
;    |UART:uart0|             ; 58 (56)             ; 17 (17)                   ; 0           ; 0          ; 0            ; 0       ; 0         ; 0    ; 0            ; 0          ; |DE10_LITE_Golden_Top|UART:uart0                                      ; UART                 ; work         ;
;       |PulseGenerator:pGen| ; 2 (0)               ; 0 (0)                     ; 0           ; 0          ; 0            ; 0       ; 0         ; 0    ; 0            ; 0          ; |DE10_LITE_Golden_Top|UART:uart0|PulseGenerator:pGen                  ; PulseGenerator       ; work         ;
;          |FlipFlopSR:ffSRA| ; 1 (1)               ; 0 (0)                     ; 0           ; 0          ; 0            ; 0       ; 0         ; 0    ; 0            ; 0          ; |DE10_LITE_Golden_Top|UART:uart0|PulseGenerator:pGen|FlipFlopSR:ffSRA ; FlipFlopSR           ; work         ;
;          |FlipFlopSR:ffSRB| ; 1 (1)               ; 0 (0)                     ; 0           ; 0          ; 0            ; 0       ; 0         ; 0    ; 0            ; 0          ; |DE10_LITE_Golden_Top|UART:uart0|PulseGenerator:pGen|FlipFlopSR:ffSRB ; FlipFlopSR           ; work         ;
;    |bidirec:bdBus|          ; 0 (0)               ; 32 (32)                   ; 0           ; 0          ; 0            ; 0       ; 0         ; 0    ; 0            ; 0          ; |DE10_LITE_Golden_Top|bidirec:bdBus                                   ; bidirec              ; work         ;
+-----------------------------+---------------------+---------------------------+-------------+------------+--------------+---------+-----------+------+--------------+------------+-----------------------------------------------------------------------+----------------------+--------------+
Note: For table entries with two numbers listed, the numbers in parentheses indicate the number of resources of the given type used by the specific entity alone. The numbers listed outside of parentheses indicate the total resources of the given type used by the specific entity and all of its sub-entities in the hierarchy.


Encoding Type:  One-Hot
+-------------------------------------------------------------------------------+
; State Machine - |DE10_LITE_Golden_Top|nextStep                                ;
+-------------------+-------------------+-------------------+-------------------+
; Name              ; nextStep.00000000 ; nextStep.10100100 ; nextStep.10100010 ;
+-------------------+-------------------+-------------------+-------------------+
; nextStep.00000000 ; 0                 ; 0                 ; 0                 ;
; nextStep.10100010 ; 1                 ; 0                 ; 1                 ;
; nextStep.10100100 ; 1                 ; 1                 ; 0                 ;
+-------------------+-------------------+-------------------+-------------------+


Encoding Type:  One-Hot
+-------------------------------------------------------------------------------------------------------------------------------------------------------------------------------------------------------------------------------------------------------------------------------------------------------------------------------------------------------------------------------+
; State Machine - |DE10_LITE_Golden_Top|step                                                                                                                                                                                                                                                                                                                                    ;
+---------------+---------------+---------------+---------------+---------------+---------------+---------------+---------------+---------------+---------------+---------------+---------------+---------------+---------------+---------------+---------------+---------------+---------------+---------------+---------------+---------------+---------------+---------------+
; Name          ; step.10110011 ; step.10110010 ; step.10100111 ; step.10100110 ; step.10100101 ; step.10100100 ; step.10100011 ; step.10100010 ; step.10100001 ; step.10100000 ; step.00001010 ; step.00001001 ; step.00001000 ; step.00000111 ; step.00000110 ; step.00000101 ; step.00000100 ; step.00000011 ; step.00000010 ; step.00000001 ; step.00000000 ; step.11111111 ;
+---------------+---------------+---------------+---------------+---------------+---------------+---------------+---------------+---------------+---------------+---------------+---------------+---------------+---------------+---------------+---------------+---------------+---------------+---------------+---------------+---------------+---------------+---------------+
; step.00000000 ; 0             ; 0             ; 0             ; 0             ; 0             ; 0             ; 0             ; 0             ; 0             ; 0             ; 0             ; 0             ; 0             ; 0             ; 0             ; 0             ; 0             ; 0             ; 0             ; 0             ; 0             ; 0             ;
; step.00000001 ; 0             ; 0             ; 0             ; 0             ; 0             ; 0             ; 0             ; 0             ; 0             ; 0             ; 0             ; 0             ; 0             ; 0             ; 0             ; 0             ; 0             ; 0             ; 0             ; 1             ; 1             ; 0             ;
; step.00000010 ; 0             ; 0             ; 0             ; 0             ; 0             ; 0             ; 0             ; 0             ; 0             ; 0             ; 0             ; 0             ; 0             ; 0             ; 0             ; 0             ; 0             ; 0             ; 1             ; 0             ; 1             ; 0             ;
; step.00000011 ; 0             ; 0             ; 0             ; 0             ; 0             ; 0             ; 0             ; 0             ; 0             ; 0             ; 0             ; 0             ; 0             ; 0             ; 0             ; 0             ; 0             ; 1             ; 0             ; 0             ; 1             ; 0             ;
; step.00000100 ; 0             ; 0             ; 0             ; 0             ; 0             ; 0             ; 0             ; 0             ; 0             ; 0             ; 0             ; 0             ; 0             ; 0             ; 0             ; 0             ; 1             ; 0             ; 0             ; 0             ; 1             ; 0             ;
; step.00000101 ; 0             ; 0             ; 0             ; 0             ; 0             ; 0             ; 0             ; 0             ; 0             ; 0             ; 0             ; 0             ; 0             ; 0             ; 0             ; 1             ; 0             ; 0             ; 0             ; 0             ; 1             ; 0             ;
; step.00000110 ; 0             ; 0             ; 0             ; 0             ; 0             ; 0             ; 0             ; 0             ; 0             ; 0             ; 0             ; 0             ; 0             ; 0             ; 1             ; 0             ; 0             ; 0             ; 0             ; 0             ; 1             ; 0             ;
; step.00000111 ; 0             ; 0             ; 0             ; 0             ; 0             ; 0             ; 0             ; 0             ; 0             ; 0             ; 0             ; 0             ; 0             ; 1             ; 0             ; 0             ; 0             ; 0             ; 0             ; 0             ; 1             ; 0             ;
; step.00001000 ; 0             ; 0             ; 0             ; 0             ; 0             ; 0             ; 0             ; 0             ; 0             ; 0             ; 0             ; 0             ; 1             ; 0             ; 0             ; 0             ; 0             ; 0             ; 0             ; 0             ; 1             ; 0             ;
; step.00001001 ; 0             ; 0             ; 0             ; 0             ; 0             ; 0             ; 0             ; 0             ; 0             ; 0             ; 0             ; 1             ; 0             ; 0             ; 0             ; 0             ; 0             ; 0             ; 0             ; 0             ; 1             ; 0             ;
; step.00001010 ; 0             ; 0             ; 0             ; 0             ; 0             ; 0             ; 0             ; 0             ; 0             ; 0             ; 1             ; 0             ; 0             ; 0             ; 0             ; 0             ; 0             ; 0             ; 0             ; 0             ; 1             ; 0             ;
; step.10100000 ; 0             ; 0             ; 0             ; 0             ; 0             ; 0             ; 0             ; 0             ; 0             ; 1             ; 0             ; 0             ; 0             ; 0             ; 0             ; 0             ; 0             ; 0             ; 0             ; 0             ; 1             ; 0             ;
; step.10100001 ; 0             ; 0             ; 0             ; 0             ; 0             ; 0             ; 0             ; 0             ; 1             ; 0             ; 0             ; 0             ; 0             ; 0             ; 0             ; 0             ; 0             ; 0             ; 0             ; 0             ; 1             ; 0             ;
; step.10100010 ; 0             ; 0             ; 0             ; 0             ; 0             ; 0             ; 0             ; 1             ; 0             ; 0             ; 0             ; 0             ; 0             ; 0             ; 0             ; 0             ; 0             ; 0             ; 0             ; 0             ; 1             ; 0             ;
; step.10100011 ; 0             ; 0             ; 0             ; 0             ; 0             ; 0             ; 1             ; 0             ; 0             ; 0             ; 0             ; 0             ; 0             ; 0             ; 0             ; 0             ; 0             ; 0             ; 0             ; 0             ; 1             ; 0             ;
; step.10100100 ; 0             ; 0             ; 0             ; 0             ; 0             ; 1             ; 0             ; 0             ; 0             ; 0             ; 0             ; 0             ; 0             ; 0             ; 0             ; 0             ; 0             ; 0             ; 0             ; 0             ; 1             ; 0             ;
; step.10100101 ; 0             ; 0             ; 0             ; 0             ; 1             ; 0             ; 0             ; 0             ; 0             ; 0             ; 0             ; 0             ; 0             ; 0             ; 0             ; 0             ; 0             ; 0             ; 0             ; 0             ; 1             ; 0             ;
; step.10100110 ; 0             ; 0             ; 0             ; 1             ; 0             ; 0             ; 0             ; 0             ; 0             ; 0             ; 0             ; 0             ; 0             ; 0             ; 0             ; 0             ; 0             ; 0             ; 0             ; 0             ; 1             ; 0             ;
; step.10100111 ; 0             ; 0             ; 1             ; 0             ; 0             ; 0             ; 0             ; 0             ; 0             ; 0             ; 0             ; 0             ; 0             ; 0             ; 0             ; 0             ; 0             ; 0             ; 0             ; 0             ; 1             ; 0             ;
; step.10110010 ; 0             ; 1             ; 0             ; 0             ; 0             ; 0             ; 0             ; 0             ; 0             ; 0             ; 0             ; 0             ; 0             ; 0             ; 0             ; 0             ; 0             ; 0             ; 0             ; 0             ; 1             ; 0             ;
; step.10110011 ; 1             ; 0             ; 0             ; 0             ; 0             ; 0             ; 0             ; 0             ; 0             ; 0             ; 0             ; 0             ; 0             ; 0             ; 0             ; 0             ; 0             ; 0             ; 0             ; 0             ; 1             ; 0             ;
; step.11111111 ; 0             ; 0             ; 0             ; 0             ; 0             ; 0             ; 0             ; 0             ; 0             ; 0             ; 0             ; 0             ; 0             ; 0             ; 0             ; 0             ; 0             ; 0             ; 0             ; 0             ; 1             ; 1             ;
+---------------+---------------+---------------+---------------+---------------+---------------+---------------+---------------+---------------+---------------+---------------+---------------+---------------+---------------+---------------+---------------+---------------+---------------+---------------+---------------+---------------+---------------+---------------+


+------------------------------------------------------------+
; Logic Cells Representing Combinational Loops               ;
+--------------------------------------------------------+---+
; Logic Cell Name                                        ;   ;
+--------------------------------------------------------+---+
; UART:uart0|PulseGenerator:pGen|FlipFlopSR:ffSRA|Qout~0 ;   ;
; UART:uart0|PulseGenerator:pGen|FlipFlopSR:ffSRB|Qout~0 ;   ;
; Number of logic cells representing combinational loops ; 2 ;
+--------------------------------------------------------+---+
Note: All cells listed above may not be present at the end of synthesis due to various synthesis optimizations.


+----------------------------------------------------------------------------------+
; Registers Removed During Synthesis                                               ;
+----------------------------------------+-----------------------------------------+
; Register name                          ; Reason for Removal                      ;
+----------------------------------------+-----------------------------------------+
; Prescaler:pres|count[0]                ; Merged with Prescaler:presUART|count[0] ;
; Prescaler:pres|count[1]                ; Merged with Prescaler:presUART|count[1] ;
; Prescaler:pres|count[2]                ; Merged with Prescaler:presUART|count[2] ;
; nextStep~2                             ; Lost fanout                             ;
; nextStep~5                             ; Lost fanout                             ;
; nextStep~6                             ; Lost fanout                             ;
; nextStep~8                             ; Lost fanout                             ;
; nextStep~9                             ; Lost fanout                             ;
; step~3                                 ; Lost fanout                             ;
; step~4                                 ; Lost fanout                             ;
; step~5                                 ; Lost fanout                             ;
; step~6                                 ; Lost fanout                             ;
; step~7                                 ; Lost fanout                             ;
; step~8                                 ; Lost fanout                             ;
; step~10                                ; Lost fanout                             ;
; step.00001000                          ; Stuck at GND due to stuck port data_in  ;
; step.00001001                          ; Stuck at GND due to stuck port data_in  ;
; step.00001010                          ; Stuck at GND due to stuck port data_in  ;
; step.10100111                          ; Stuck at GND due to stuck port data_in  ;
; step.10100110                          ; Stuck at GND due to stuck port data_in  ;
; nDumps[25..31]                         ; Lost fanout                             ;
; Total Number of Removed Registers = 27 ;                                         ;
+----------------------------------------+-----------------------------------------+


+------------------------------------------------------------------------------------+
; Removed Registers Triggering Further Register Optimizations                        ;
+---------------+---------------------------+----------------------------------------+
; Register name ; Reason for Removal        ; Registers Removed due to This Register ;
+---------------+---------------------------+----------------------------------------+
; step.00001001 ; Stuck at GND              ; step.00001010                          ;
;               ; due to stuck port data_in ;                                        ;
+---------------+---------------------------+----------------------------------------+


+------------------------------------------------------+
; General Register Statistics                          ;
+----------------------------------------------+-------+
; Statistic                                    ; Value ;
+----------------------------------------------+-------+
; Total registers                              ; 211   ;
; Number of registers using Synchronous Clear  ; 32    ;
; Number of registers using Synchronous Load   ; 0     ;
; Number of registers using Asynchronous Clear ; 0     ;
; Number of registers using Asynchronous Load  ; 0     ;
; Number of registers using Clock Enable       ; 135   ;
; Number of registers using Preset             ; 0     ;
+----------------------------------------------+-------+


+--------------------------------------------------+
; Inverted Register Statistics                     ;
+----------------------------------------+---------+
; Inverted Register                      ; Fan out ;
+----------------------------------------+---------+
; budDir                                 ; 17      ;
; UART:uart0|step[0]                     ; 9       ;
; UART:uart0|step[5]                     ; 6       ;
; UART:uart0|step[1]                     ; 14      ;
; UART:uart0|step[2]                     ; 6       ;
; UART:uart0|step[3]                     ; 7       ;
; UART:uart0|step[4]                     ; 6       ;
; UART:uart0|step[7]                     ; 16      ;
; UART:uart0|step[6]                     ; 10      ;
; Total number of inverted registers = 9 ;         ;
+----------------------------------------+---------+


+--------------------------------------------------------------------------------------------------------------------------------------------------------+
; Multiplexer Restructuring Statistics (Restructuring Performed)                                                                                         ;
+--------------------+-----------+---------------+----------------------+------------------------+------------+------------------------------------------+
; Multiplexer Inputs ; Bus Width ; Baseline Area ; Area if Restructured ; Saving if Restructured ; Registered ; Example Multiplexer Output               ;
+--------------------+-----------+---------------+----------------------+------------------------+------------+------------------------------------------+
; 3:1                ; 32 bits   ; 64 LEs        ; 32 LEs               ; 32 LEs                 ; Yes        ; |DE10_LITE_Golden_Top|memIdxB[13]        ;
; 6:1                ; 4 bits    ; 16 LEs        ; 8 LEs                ; 8 LEs                  ; Yes        ; |DE10_LITE_Golden_Top|tx_data[5]         ;
; 6:1                ; 3 bits    ; 12 LEs        ; 9 LEs                ; 3 LEs                  ; Yes        ; |DE10_LITE_Golden_Top|tx_data[4]         ;
; 256:1              ; 8 bits    ; 1360 LEs      ; 24 LEs               ; 1336 LEs               ; Yes        ; |DE10_LITE_Golden_Top|UART:uart0|step[0] ;
+--------------------+-----------+---------------+----------------------+------------------------+------------+------------------------------------------+


+--------------------------------------------------------------------------------------+
; Parameter Settings for User Entity Instance: Top-level Entity: |DE10_LITE_Golden_Top ;
+----------------------+-------+-------------------------------------------------------+
; Parameter Name       ; Value ; Type                                                  ;
+----------------------+-------+-------------------------------------------------------+
; DUMPS_TO_DO          ; 3     ; Signed Integer                                        ;
; INTERNAL_MEMORY_SIZE ; 1     ; Signed Integer                                        ;
; OPENMSG_SIZE         ; 3     ; Signed Integer                                        ;
; ENDMSG_SIZE          ; 3     ; Signed Integer                                        ;
+----------------------+-------+-------------------------------------------------------+
Note: In order to hide this table in the UI and the text report file, please set the "Show Parameter Settings in Synthesis Report" option in "Analysis and Synthesis Settings -> More Settings" to "Off".


+-------------------------------------------------------------+
; Parameter Settings for User Entity Instance: Prescaler:pres ;
+----------------+-------+------------------------------------+
; Parameter Name ; Value ; Type                               ;
+----------------+-------+------------------------------------+
; N              ; 7     ; Signed Integer                     ;
+----------------+-------+------------------------------------+
Note: In order to hide this table in the UI and the text report file, please set the "Show Parameter Settings in Synthesis Report" option in "Analysis and Synthesis Settings -> More Settings" to "Off".


+-----------------------------------------------------------------+
; Parameter Settings for User Entity Instance: Prescaler:presUART ;
+----------------+-------+----------------------------------------+
; Parameter Name ; Value ; Type                                   ;
+----------------+-------+----------------------------------------+
; N              ; 4     ; Signed Integer                         ;
+----------------+-------+----------------------------------------+
Note: In order to hide this table in the UI and the text report file, please set the "Show Parameter Settings in Synthesis Report" option in "Analysis and Synthesis Settings -> More Settings" to "Off".


+----------------------------------------------------------------------------------------------------------------+
; Port Connectivity Checks: "UART:uart0|PulseGenerator:pGen|FlipFlopSR:ffSRB"                                    ;
+------+--------+----------+-------------------------------------------------------------------------------------+
; Port ; Type   ; Severity ; Details                                                                             ;
+------+--------+----------+-------------------------------------------------------------------------------------+
; Qout ; Output ; Info     ; Connected to dangling logic. Logic that only feeds a dangling port will be removed. ;
+------+--------+----------+-------------------------------------------------------------------------------------+


+-----------------------------------------------------------------------------------------------------------------+
; Port Connectivity Checks: "UART:uart0|PulseGenerator:pGen|FlipFlopSR:ffSRA"                                     ;
+-------+--------+----------+-------------------------------------------------------------------------------------+
; Port  ; Type   ; Severity ; Details                                                                             ;
+-------+--------+----------+-------------------------------------------------------------------------------------+
; nQout ; Output ; Info     ; Connected to dangling logic. Logic that only feeds a dangling port will be removed. ;
+-------+--------+----------+-------------------------------------------------------------------------------------+


+----------------------------------------------------------------------------------------------------------------------------------------------+
; Port Connectivity Checks: "UART:uart0"                                                                                                       ;
+---------------+--------+----------+----------------------------------------------------------------------------------------------------------+
; Port          ; Type   ; Severity ; Details                                                                                                  ;
+---------------+--------+----------+----------------------------------------------------------------------------------------------------------+
; portAvailable ; Output ; Info     ; Connected to dangling logic. Logic that only feeds a dangling port will be removed.                      ;
; pulse         ; Output ; Warning  ; Declared by entity but not connected by instance. Logic that only feeds a dangling port will be removed. ;
+---------------+--------+----------+----------------------------------------------------------------------------------------------------------+


+---------------------------------------------------+
; Port Connectivity Checks: "SevSegController:ssc3" ;
+------+-------+----------+-------------------------+
; Port ; Type  ; Severity ; Details                 ;
+------+-------+----------+-------------------------+
; dot  ; Input ; Info     ; Explicitly unconnected  ;
+------+-------+----------+-------------------------+


+-----------------------------------------------------------------------------------------------------------------------------------------------------------------------------------------------------------------+
; Port Connectivity Checks: "SevSegController:ssc2"                                                                                                                                                               ;
+---------+-------+----------+------------------------------------------------------------------------------------------------------------------------------------------------------------------------------------+
; Port    ; Type  ; Severity ; Details                                                                                                                                                                            ;
+---------+-------+----------+------------------------------------------------------------------------------------------------------------------------------------------------------------------------------------+
; dot     ; Input ; Warning  ; Input port expression (32 bits) is wider than the input port (1 bits) it drives.  The 31 most-significant bit(s) in the expression will be dangling if they have no other fanouts. ;
; dot[-1] ; Input ; Info     ; Stuck at GND                                                                                                                                                                       ;
+---------+-------+----------+------------------------------------------------------------------------------------------------------------------------------------------------------------------------------------+


+-----------------------------------------------------------------------------------------------------------------------------------------------------------------------------------------------------------------+
; Port Connectivity Checks: "SevSegController:ssc5"                                                                                                                                                               ;
+---------+-------+----------+------------------------------------------------------------------------------------------------------------------------------------------------------------------------------------+
; Port    ; Type  ; Severity ; Details                                                                                                                                                                            ;
+---------+-------+----------+------------------------------------------------------------------------------------------------------------------------------------------------------------------------------------+
; dot     ; Input ; Warning  ; Input port expression (32 bits) is wider than the input port (1 bits) it drives.  The 31 most-significant bit(s) in the expression will be dangling if they have no other fanouts. ;
; dot[-1] ; Input ; Info     ; Stuck at GND                                                                                                                                                                       ;
+---------+-------+----------+------------------------------------------------------------------------------------------------------------------------------------------------------------------------------------+


+-----------------------------------------------------------------------------------------------------------------------------------------------------------------------------------------------------------------+
; Port Connectivity Checks: "SevSegController:ssc4"                                                                                                                                                               ;
+---------+-------+----------+------------------------------------------------------------------------------------------------------------------------------------------------------------------------------------+
; Port    ; Type  ; Severity ; Details                                                                                                                                                                            ;
+---------+-------+----------+------------------------------------------------------------------------------------------------------------------------------------------------------------------------------------+
; dot     ; Input ; Warning  ; Input port expression (32 bits) is wider than the input port (1 bits) it drives.  The 31 most-significant bit(s) in the expression will be dangling if they have no other fanouts. ;
; dot[-1] ; Input ; Info     ; Stuck at GND                                                                                                                                                                       ;
+---------+-------+----------+------------------------------------------------------------------------------------------------------------------------------------------------------------------------------------+


+-----------------------------------------------------------------------------------------------------------------------------------------------------------------------------------------------------------------+
; Port Connectivity Checks: "SevSegController:ssc1"                                                                                                                                                               ;
+---------+-------+----------+------------------------------------------------------------------------------------------------------------------------------------------------------------------------------------+
; Port    ; Type  ; Severity ; Details                                                                                                                                                                            ;
+---------+-------+----------+------------------------------------------------------------------------------------------------------------------------------------------------------------------------------------+
; dot     ; Input ; Warning  ; Input port expression (32 bits) is wider than the input port (1 bits) it drives.  The 31 most-significant bit(s) in the expression will be dangling if they have no other fanouts. ;
; dot[-1] ; Input ; Info     ; Stuck at GND                                                                                                                                                                       ;
+---------+-------+----------+------------------------------------------------------------------------------------------------------------------------------------------------------------------------------------+


+-----------------------------------------------------+
; Post-Synthesis Netlist Statistics for Top Partition ;
+-----------------------+-----------------------------+
; Type                  ; Count                       ;
+-----------------------+-----------------------------+
; boundary_port         ; 145                         ;
; cycloneiii_ff         ; 211                         ;
;     ENA               ; 103                         ;
;     ENA SCLR          ; 32                          ;
;     plain             ; 76                          ;
; cycloneiii_io_obuf    ; 55                          ;
; cycloneiii_lcell_comb ; 243                         ;
;     arith             ; 89                          ;
;         2 data inputs ; 80                          ;
;         3 data inputs ; 9                           ;
;     normal            ; 154                         ;
;         0 data inputs ; 2                           ;
;         1 data inputs ; 13                          ;
;         2 data inputs ; 7                           ;
;         3 data inputs ; 25                          ;
;         4 data inputs ; 107                         ;
;                       ;                             ;
; Max LUT depth         ; 8.00                        ;
; Average LUT depth     ; 2.26                        ;
+-----------------------+-----------------------------+


+-------------------------------+
; Elapsed Time Per Partition    ;
+----------------+--------------+
; Partition Name ; Elapsed Time ;
+----------------+--------------+
; Top            ; 00:00:00     ;
+----------------+--------------+


+-------------------------------+
; Analysis & Synthesis Messages ;
+-------------------------------+
Info: *******************************************************************
Info: Running Quartus Prime Analysis & Synthesis
    Info: Version 20.1.1 Build 720 11/11/2020 SJ Lite Edition
    Info: Processing started: Tue Apr 12 16:11:50 2022
Info: Command: quartus_map --read_settings_files=on --write_settings_files=off GB_Cartdrige_Dumper -c 7SegController
Warning (18236): Number of processors has not been specified which may cause overloading on shared machines.  Set the global assignment NUM_PARALLEL_PROCESSORS in your QSF to an appropriate value for best performance.
Info (20030): Parallel compilation is enabled and will use 16 of the 16 processors detected
Info (12021): Found 1 design units, including 1 entities, in source file pulsegenerator.v
    Info (12023): Found entity 1: PulseGenerator File: D:/Projects/GB_Cartdrige_Dumper/src/PulseGenerator.v Line: 6
Info (12021): Found 1 design units, including 1 entities, in source file flipflopsr.v
    Info (12023): Found entity 1: FlipFlopSR File: D:/Projects/GB_Cartdrige_Dumper/src/FlipFlopSR.v Line: 6
Info (12021): Found 1 design units, including 1 entities, in source file uart.v
    Info (12023): Found entity 1: UART File: D:/Projects/GB_Cartdrige_Dumper/src/UART.v Line: 6
Info (12021): Found 1 design units, including 1 entities, in source file bidirec.v
    Info (12023): Found entity 1: bidirec File: D:/Projects/GB_Cartdrige_Dumper/src/bidirec.v Line: 1
Info (12021): Found 1 design units, including 1 entities, in source file de10_lite_golden_top.v
    Info (12023): Found entity 1: DE10_LITE_Golden_Top File: D:/Projects/GB_Cartdrige_Dumper/src/DE10_LITE_Golden_Top.v Line: 29
Info (12021): Found 1 design units, including 1 entities, in source file sevsegcontroller.v
    Info (12023): Found entity 1: SevSegController File: D:/Projects/GB_Cartdrige_Dumper/src/SevSegController.v Line: 6
Info (12021): Found 1 design units, including 1 entities, in source file prescaler.v
    Info (12023): Found entity 1: Prescaler File: D:/Projects/GB_Cartdrige_Dumper/src/Prescaler.v Line: 6
Info (12127): Elaborating entity "DE10_LITE_Golden_Top" for the top level hierarchy
Warning (10036): Verilog HDL or VHDL warning at DE10_LITE_Golden_Top.v(158): object "transmit" assigned a value but never read File: D:/Projects/GB_Cartdrige_Dumper/src/DE10_LITE_Golden_Top.v Line: 158
Warning (10230): Verilog HDL assignment warning at DE10_LITE_Golden_Top.v(325): truncated value with size 32 to match size of target (24) File: D:/Projects/GB_Cartdrige_Dumper/src/DE10_LITE_Golden_Top.v Line: 325
Warning (10030): Net "openMsg.data_a" at DE10_LITE_Golden_Top.v(165) has no driver or initial value, using a default initial value '0' File: D:/Projects/GB_Cartdrige_Dumper/src/DE10_LITE_Golden_Top.v Line: 165
Warning (10030): Net "openMsg.waddr_a" at DE10_LITE_Golden_Top.v(165) has no driver or initial value, using a default initial value '0' File: D:/Projects/GB_Cartdrige_Dumper/src/DE10_LITE_Golden_Top.v Line: 165
Warning (10030): Net "endMsg.data_a" at DE10_LITE_Golden_Top.v(166) has no driver or initial value, using a default initial value '0' File: D:/Projects/GB_Cartdrige_Dumper/src/DE10_LITE_Golden_Top.v Line: 166
Warning (10030): Net "endMsg.waddr_a" at DE10_LITE_Golden_Top.v(166) has no driver or initial value, using a default initial value '0' File: D:/Projects/GB_Cartdrige_Dumper/src/DE10_LITE_Golden_Top.v Line: 166
Warning (10030): Net "openMsg.we_a" at DE10_LITE_Golden_Top.v(165) has no driver or initial value, using a default initial value '0' File: D:/Projects/GB_Cartdrige_Dumper/src/DE10_LITE_Golden_Top.v Line: 165
Warning (10030): Net "endMsg.we_a" at DE10_LITE_Golden_Top.v(166) has no driver or initial value, using a default initial value '0' File: D:/Projects/GB_Cartdrige_Dumper/src/DE10_LITE_Golden_Top.v Line: 166
Warning (10034): Output port "LEDR" at DE10_LITE_Golden_Top.v(86) has no driver File: D:/Projects/GB_Cartdrige_Dumper/src/DE10_LITE_Golden_Top.v Line: 86
Warning (10034): Output port "VGA_B" at DE10_LITE_Golden_Top.v(96) has no driver File: D:/Projects/GB_Cartdrige_Dumper/src/DE10_LITE_Golden_Top.v Line: 96
Warning (10034): Output port "VGA_G" at DE10_LITE_Golden_Top.v(97) has no driver File: D:/Projects/GB_Cartdrige_Dumper/src/DE10_LITE_Golden_Top.v Line: 97
Warning (10034): Output port "VGA_R" at DE10_LITE_Golden_Top.v(99) has no driver File: D:/Projects/GB_Cartdrige_Dumper/src/DE10_LITE_Golden_Top.v Line: 99
Warning (10034): Output port "VGA_HS" at DE10_LITE_Golden_Top.v(98) has no driver File: D:/Projects/GB_Cartdrige_Dumper/src/DE10_LITE_Golden_Top.v Line: 98
Warning (10034): Output port "VGA_VS" at DE10_LITE_Golden_Top.v(100) has no driver File: D:/Projects/GB_Cartdrige_Dumper/src/DE10_LITE_Golden_Top.v Line: 100
Warning (10034): Output port "GSENSOR_CS_N" at DE10_LITE_Golden_Top.v(105) has no driver File: D:/Projects/GB_Cartdrige_Dumper/src/DE10_LITE_Golden_Top.v Line: 105
Warning (10034): Output port "GSENSOR_SCLK" at DE10_LITE_Golden_Top.v(107) has no driver File: D:/Projects/GB_Cartdrige_Dumper/src/DE10_LITE_Golden_Top.v Line: 107
Info (12128): Elaborating entity "Prescaler" for hierarchy "Prescaler:pres" File: D:/Projects/GB_Cartdrige_Dumper/src/DE10_LITE_Golden_Top.v Line: 235
Warning (10230): Verilog HDL assignment warning at Prescaler.v(13): truncated value with size 32 to match size of target (7) File: D:/Projects/GB_Cartdrige_Dumper/src/Prescaler.v Line: 13
Info (12128): Elaborating entity "Prescaler" for hierarchy "Prescaler:presUART" File: D:/Projects/GB_Cartdrige_Dumper/src/DE10_LITE_Golden_Top.v Line: 237
Warning (10230): Verilog HDL assignment warning at Prescaler.v(13): truncated value with size 32 to match size of target (4) File: D:/Projects/GB_Cartdrige_Dumper/src/Prescaler.v Line: 13
Info (12128): Elaborating entity "SevSegController" for hierarchy "SevSegController:ssc0" File: D:/Projects/GB_Cartdrige_Dumper/src/DE10_LITE_Golden_Top.v Line: 239
Info (12128): Elaborating entity "bidirec" for hierarchy "bidirec:bdBus" File: D:/Projects/GB_Cartdrige_Dumper/src/DE10_LITE_Golden_Top.v Line: 246
Info (12128): Elaborating entity "UART" for hierarchy "UART:uart0" File: D:/Projects/GB_Cartdrige_Dumper/src/DE10_LITE_Golden_Top.v Line: 248
Warning (10230): Verilog HDL assignment warning at UART.v(38): truncated value with size 32 to match size of target (8) File: D:/Projects/GB_Cartdrige_Dumper/src/UART.v Line: 38
Warning (10230): Verilog HDL assignment warning at UART.v(57): truncated value with size 32 to match size of target (8) File: D:/Projects/GB_Cartdrige_Dumper/src/UART.v Line: 57
Info (12128): Elaborating entity "PulseGenerator" for hierarchy "UART:uart0|PulseGenerator:pGen" File: D:/Projects/GB_Cartdrige_Dumper/src/UART.v Line: 15
Info (12128): Elaborating entity "FlipFlopSR" for hierarchy "UART:uart0|PulseGenerator:pGen|FlipFlopSR:ffSRA" File: D:/Projects/GB_Cartdrige_Dumper/src/PulseGenerator.v Line: 11
Info (276014): Found 2 instances of uninferred RAM logic
    Info (276013): RAM logic "openMsg" is uninferred because MIF is not supported for the selected family File: D:/Projects/GB_Cartdrige_Dumper/src/DE10_LITE_Golden_Top.v Line: 165
    Info (276013): RAM logic "endMsg" is uninferred because MIF is not supported for the selected family File: D:/Projects/GB_Cartdrige_Dumper/src/DE10_LITE_Golden_Top.v Line: 166
Warning (12241): 5 hierarchies have connectivity warnings - see the Connectivity Checks report folder
Warning (13034): The following nodes have both tri-state and non-tri-state drivers
    Warning (13035): Inserted always-enabled tri-state buffer between "ARDUINO_IO[12]" and its non-tri-state driver. File: D:/Projects/GB_Cartdrige_Dumper/src/DE10_LITE_Golden_Top.v Line: 114
    Warning (13035): Inserted always-enabled tri-state buffer between "GPIO[16]" and its non-tri-state driver. File: D:/Projects/GB_Cartdrige_Dumper/src/DE10_LITE_Golden_Top.v Line: 122
    Warning (13035): Inserted always-enabled tri-state buffer between "GPIO[17]" and its non-tri-state driver. File: D:/Projects/GB_Cartdrige_Dumper/src/DE10_LITE_Golden_Top.v Line: 122
    Warning (13035): Inserted always-enabled tri-state buffer between "GPIO[18]" and its non-tri-state driver. File: D:/Projects/GB_Cartdrige_Dumper/src/DE10_LITE_Golden_Top.v Line: 122
    Warning (13035): Inserted always-enabled tri-state buffer between "GPIO[19]" and its non-tri-state driver. File: D:/Projects/GB_Cartdrige_Dumper/src/DE10_LITE_Golden_Top.v Line: 122
    Warning (13035): Inserted always-enabled tri-state buffer between "GPIO[20]" and its non-tri-state driver. File: D:/Projects/GB_Cartdrige_Dumper/src/DE10_LITE_Golden_Top.v Line: 122
    Warning (13035): Inserted always-enabled tri-state buffer between "GPIO[21]" and its non-tri-state driver. File: D:/Projects/GB_Cartdrige_Dumper/src/DE10_LITE_Golden_Top.v Line: 122
    Warning (13035): Inserted always-enabled tri-state buffer between "GPIO[22]" and its non-tri-state driver. File: D:/Projects/GB_Cartdrige_Dumper/src/DE10_LITE_Golden_Top.v Line: 122
    Warning (13035): Inserted always-enabled tri-state buffer between "GPIO[23]" and its non-tri-state driver. File: D:/Projects/GB_Cartdrige_Dumper/src/DE10_LITE_Golden_Top.v Line: 122
    Warning (13035): Inserted always-enabled tri-state buffer between "GPIO[34]" and its non-tri-state driver. File: D:/Projects/GB_Cartdrige_Dumper/src/DE10_LITE_Golden_Top.v Line: 122
    Warning (13035): Inserted always-enabled tri-state buffer between "GPIO[35]" and its non-tri-state driver. File: D:/Projects/GB_Cartdrige_Dumper/src/DE10_LITE_Golden_Top.v Line: 122
Warning (13039): The following bidirectional pins have no drivers
    Warning (13040): bidirectional pin "GSENSOR_SDI" has no driver File: D:/Projects/GB_Cartdrige_Dumper/src/DE10_LITE_Golden_Top.v Line: 108
    Warning (13040): bidirectional pin "GSENSOR_SDO" has no driver File: D:/Projects/GB_Cartdrige_Dumper/src/DE10_LITE_Golden_Top.v Line: 109
    Warning (13040): bidirectional pin "ARDUINO_IO[0]" has no driver File: D:/Projects/GB_Cartdrige_Dumper/src/DE10_LITE_Golden_Top.v Line: 114
    Warning (13040): bidirectional pin "ARDUINO_IO[1]" has no driver File: D:/Projects/GB_Cartdrige_Dumper/src/DE10_LITE_Golden_Top.v Line: 114
    Warning (13040): bidirectional pin "ARDUINO_IO[2]" has no driver File: D:/Projects/GB_Cartdrige_Dumper/src/DE10_LITE_Golden_Top.v Line: 114
    Warning (13040): bidirectional pin "ARDUINO_IO[3]" has no driver File: D:/Projects/GB_Cartdrige_Dumper/src/DE10_LITE_Golden_Top.v Line: 114
    Warning (13040): bidirectional pin "ARDUINO_IO[4]" has no driver File: D:/Projects/GB_Cartdrige_Dumper/src/DE10_LITE_Golden_Top.v Line: 114
    Warning (13040): bidirectional pin "ARDUINO_IO[5]" has no driver File: D:/Projects/GB_Cartdrige_Dumper/src/DE10_LITE_Golden_Top.v Line: 114
    Warning (13040): bidirectional pin "ARDUINO_IO[6]" has no driver File: D:/Projects/GB_Cartdrige_Dumper/src/DE10_LITE_Golden_Top.v Line: 114
    Warning (13040): bidirectional pin "ARDUINO_IO[7]" has no driver File: D:/Projects/GB_Cartdrige_Dumper/src/DE10_LITE_Golden_Top.v Line: 114
    Warning (13040): bidirectional pin "ARDUINO_IO[8]" has no driver File: D:/Projects/GB_Cartdrige_Dumper/src/DE10_LITE_Golden_Top.v Line: 114
    Warning (13040): bidirectional pin "ARDUINO_IO[9]" has no driver File: D:/Projects/GB_Cartdrige_Dumper/src/DE10_LITE_Golden_Top.v Line: 114
    Warning (13040): bidirectional pin "ARDUINO_IO[10]" has no driver File: D:/Projects/GB_Cartdrige_Dumper/src/DE10_LITE_Golden_Top.v Line: 114
    Warning (13040): bidirectional pin "ARDUINO_IO[11]" has no driver File: D:/Projects/GB_Cartdrige_Dumper/src/DE10_LITE_Golden_Top.v Line: 114
    Warning (13040): bidirectional pin "ARDUINO_IO[13]" has no driver File: D:/Projects/GB_Cartdrige_Dumper/src/DE10_LITE_Golden_Top.v Line: 114
    Warning (13040): bidirectional pin "ARDUINO_IO[14]" has no driver File: D:/Projects/GB_Cartdrige_Dumper/src/DE10_LITE_Golden_Top.v Line: 114
    Warning (13040): bidirectional pin "ARDUINO_IO[15]" has no driver File: D:/Projects/GB_Cartdrige_Dumper/src/DE10_LITE_Golden_Top.v Line: 114
    Warning (13040): bidirectional pin "ARDUINO_RESET_N" has no driver File: D:/Projects/GB_Cartdrige_Dumper/src/DE10_LITE_Golden_Top.v Line: 115
    Warning (13040): bidirectional pin "GPIO[24]" has no driver File: D:/Projects/GB_Cartdrige_Dumper/src/DE10_LITE_Golden_Top.v Line: 122
    Warning (13040): bidirectional pin "GPIO[25]" has no driver File: D:/Projects/GB_Cartdrige_Dumper/src/DE10_LITE_Golden_Top.v Line: 122
    Warning (13040): bidirectional pin "GPIO[26]" has no driver File: D:/Projects/GB_Cartdrige_Dumper/src/DE10_LITE_Golden_Top.v Line: 122
    Warning (13040): bidirectional pin "GPIO[27]" has no driver File: D:/Projects/GB_Cartdrige_Dumper/src/DE10_LITE_Golden_Top.v Line: 122
    Warning (13040): bidirectional pin "GPIO[28]" has no driver File: D:/Projects/GB_Cartdrige_Dumper/src/DE10_LITE_Golden_Top.v Line: 122
    Warning (13040): bidirectional pin "GPIO[29]" has no driver File: D:/Projects/GB_Cartdrige_Dumper/src/DE10_LITE_Golden_Top.v Line: 122
    Warning (13040): bidirectional pin "GPIO[30]" has no driver File: D:/Projects/GB_Cartdrige_Dumper/src/DE10_LITE_Golden_Top.v Line: 122
    Warning (13040): bidirectional pin "GPIO[31]" has no driver File: D:/Projects/GB_Cartdrige_Dumper/src/DE10_LITE_Golden_Top.v Line: 122
    Warning (13040): bidirectional pin "GPIO[32]" has no driver File: D:/Projects/GB_Cartdrige_Dumper/src/DE10_LITE_Golden_Top.v Line: 122
    Warning (13040): bidirectional pin "GPIO[33]" has no driver File: D:/Projects/GB_Cartdrige_Dumper/src/DE10_LITE_Golden_Top.v Line: 122
Warning (13009): TRI or OPNDRN buffers permanently enabled
    Warning (13010): Node "ARDUINO_IO[12]~synth" File: D:/Projects/GB_Cartdrige_Dumper/src/DE10_LITE_Golden_Top.v Line: 114
    Warning (13010): Node "GPIO[16]~synth" File: D:/Projects/GB_Cartdrige_Dumper/src/DE10_LITE_Golden_Top.v Line: 122
    Warning (13010): Node "GPIO[17]~synth" File: D:/Projects/GB_Cartdrige_Dumper/src/DE10_LITE_Golden_Top.v Line: 122
    Warning (13010): Node "GPIO[18]~synth" File: D:/Projects/GB_Cartdrige_Dumper/src/DE10_LITE_Golden_Top.v Line: 122
    Warning (13010): Node "GPIO[19]~synth" File: D:/Projects/GB_Cartdrige_Dumper/src/DE10_LITE_Golden_Top.v Line: 122
    Warning (13010): Node "GPIO[20]~synth" File: D:/Projects/GB_Cartdrige_Dumper/src/DE10_LITE_Golden_Top.v Line: 122
    Warning (13010): Node "GPIO[21]~synth" File: D:/Projects/GB_Cartdrige_Dumper/src/DE10_LITE_Golden_Top.v Line: 122
    Warning (13010): Node "GPIO[22]~synth" File: D:/Projects/GB_Cartdrige_Dumper/src/DE10_LITE_Golden_Top.v Line: 122
    Warning (13010): Node "GPIO[23]~synth" File: D:/Projects/GB_Cartdrige_Dumper/src/DE10_LITE_Golden_Top.v Line: 122
    Warning (13010): Node "GPIO[34]~synth" File: D:/Projects/GB_Cartdrige_Dumper/src/DE10_LITE_Golden_Top.v Line: 122
    Warning (13010): Node "GPIO[35]~synth" File: D:/Projects/GB_Cartdrige_Dumper/src/DE10_LITE_Golden_Top.v Line: 122
Warning (13024): Output pins are stuck at VCC or GND
    Warning (13410): Pin "HEX1[7]" is stuck at VCC File: D:/Projects/GB_Cartdrige_Dumper/src/DE10_LITE_Golden_Top.v Line: 64
    Warning (13410): Pin "HEX2[7]" is stuck at VCC File: D:/Projects/GB_Cartdrige_Dumper/src/DE10_LITE_Golden_Top.v Line: 67
    Warning (13410): Pin "HEX3[7]" is stuck at VCC File: D:/Projects/GB_Cartdrige_Dumper/src/DE10_LITE_Golden_Top.v Line: 70
    Warning (13410): Pin "HEX4[7]" is stuck at VCC File: D:/Projects/GB_Cartdrige_Dumper/src/DE10_LITE_Golden_Top.v Line: 73
    Warning (13410): Pin "HEX5[7]" is stuck at VCC File: D:/Projects/GB_Cartdrige_Dumper/src/DE10_LITE_Golden_Top.v Line: 76
    Warning (13410): Pin "LEDR[0]" is stuck at GND File: D:/Projects/GB_Cartdrige_Dumper/src/DE10_LITE_Golden_Top.v Line: 86
    Warning (13410): Pin "LEDR[1]" is stuck at GND File: D:/Projects/GB_Cartdrige_Dumper/src/DE10_LITE_Golden_Top.v Line: 86
    Warning (13410): Pin "LEDR[2]" is stuck at GND File: D:/Projects/GB_Cartdrige_Dumper/src/DE10_LITE_Golden_Top.v Line: 86
    Warning (13410): Pin "LEDR[3]" is stuck at GND File: D:/Projects/GB_Cartdrige_Dumper/src/DE10_LITE_Golden_Top.v Line: 86
    Warning (13410): Pin "LEDR[4]" is stuck at GND File: D:/Projects/GB_Cartdrige_Dumper/src/DE10_LITE_Golden_Top.v Line: 86
    Warning (13410): Pin "LEDR[5]" is stuck at GND File: D:/Projects/GB_Cartdrige_Dumper/src/DE10_LITE_Golden_Top.v Line: 86
    Warning (13410): Pin "LEDR[6]" is stuck at GND File: D:/Projects/GB_Cartdrige_Dumper/src/DE10_LITE_Golden_Top.v Line: 86
    Warning (13410): Pin "LEDR[7]" is stuck at GND File: D:/Projects/GB_Cartdrige_Dumper/src/DE10_LITE_Golden_Top.v Line: 86
    Warning (13410): Pin "LEDR[8]" is stuck at GND File: D:/Projects/GB_Cartdrige_Dumper/src/DE10_LITE_Golden_Top.v Line: 86
    Warning (13410): Pin "LEDR[9]" is stuck at GND File: D:/Projects/GB_Cartdrige_Dumper/src/DE10_LITE_Golden_Top.v Line: 86
    Warning (13410): Pin "VGA_B[0]" is stuck at GND File: D:/Projects/GB_Cartdrige_Dumper/src/DE10_LITE_Golden_Top.v Line: 96
    Warning (13410): Pin "VGA_B[1]" is stuck at GND File: D:/Projects/GB_Cartdrige_Dumper/src/DE10_LITE_Golden_Top.v Line: 96
    Warning (13410): Pin "VGA_B[2]" is stuck at GND File: D:/Projects/GB_Cartdrige_Dumper/src/DE10_LITE_Golden_Top.v Line: 96
    Warning (13410): Pin "VGA_B[3]" is stuck at GND File: D:/Projects/GB_Cartdrige_Dumper/src/DE10_LITE_Golden_Top.v Line: 96
    Warning (13410): Pin "VGA_G[0]" is stuck at GND File: D:/Projects/GB_Cartdrige_Dumper/src/DE10_LITE_Golden_Top.v Line: 97
    Warning (13410): Pin "VGA_G[1]" is stuck at GND File: D:/Projects/GB_Cartdrige_Dumper/src/DE10_LITE_Golden_Top.v Line: 97
    Warning (13410): Pin "VGA_G[2]" is stuck at GND File: D:/Projects/GB_Cartdrige_Dumper/src/DE10_LITE_Golden_Top.v Line: 97
    Warning (13410): Pin "VGA_G[3]" is stuck at GND File: D:/Projects/GB_Cartdrige_Dumper/src/DE10_LITE_Golden_Top.v Line: 97
    Warning (13410): Pin "VGA_HS" is stuck at GND File: D:/Projects/GB_Cartdrige_Dumper/src/DE10_LITE_Golden_Top.v Line: 98
    Warning (13410): Pin "VGA_R[0]" is stuck at GND File: D:/Projects/GB_Cartdrige_Dumper/src/DE10_LITE_Golden_Top.v Line: 99
    Warning (13410): Pin "VGA_R[1]" is stuck at GND File: D:/Projects/GB_Cartdrige_Dumper/src/DE10_LITE_Golden_Top.v Line: 99
    Warning (13410): Pin "VGA_R[2]" is stuck at GND File: D:/Projects/GB_Cartdrige_Dumper/src/DE10_LITE_Golden_Top.v Line: 99
    Warning (13410): Pin "VGA_R[3]" is stuck at GND File: D:/Projects/GB_Cartdrige_Dumper/src/DE10_LITE_Golden_Top.v Line: 99
    Warning (13410): Pin "VGA_VS" is stuck at GND File: D:/Projects/GB_Cartdrige_Dumper/src/DE10_LITE_Golden_Top.v Line: 100
    Warning (13410): Pin "GSENSOR_CS_N" is stuck at GND File: D:/Projects/GB_Cartdrige_Dumper/src/DE10_LITE_Golden_Top.v Line: 105
    Warning (13410): Pin "GSENSOR_SCLK" is stuck at GND File: D:/Projects/GB_Cartdrige_Dumper/src/DE10_LITE_Golden_Top.v Line: 107
Info (286030): Timing-Driven Synthesis is running
Info (17049): 19 registers lost all their fanouts during netlist optimizations.
Info (144001): Generated suppressed messages file D:/Projects/GB_Cartdrige_Dumper/src/output_files/7SegController.map.smsg
Info (16010): Generating hard_block partition "hard_block:auto_generated_inst"
    Info (16011): Adding 0 node(s), including 0 DDIO, 0 PLL, 0 transceiver and 0 LCELL
Warning (21074): Design contains 15 input pin(s) that do not drive logic
    Warning (15610): No output dependent on input pin "ADC_CLK_10" File: D:/Projects/GB_Cartdrige_Dumper/src/DE10_LITE_Golden_Top.v Line: 33
    Warning (15610): No output dependent on input pin "KEY[0]" File: D:/Projects/GB_Cartdrige_Dumper/src/DE10_LITE_Golden_Top.v Line: 81
    Warning (15610): No output dependent on input pin "KEY[1]" File: D:/Projects/GB_Cartdrige_Dumper/src/DE10_LITE_Golden_Top.v Line: 81
    Warning (15610): No output dependent on input pin "SW[0]" File: D:/Projects/GB_Cartdrige_Dumper/src/DE10_LITE_Golden_Top.v Line: 91
    Warning (15610): No output dependent on input pin "SW[1]" File: D:/Projects/GB_Cartdrige_Dumper/src/DE10_LITE_Golden_Top.v Line: 91
    Warning (15610): No output dependent on input pin "SW[2]" File: D:/Projects/GB_Cartdrige_Dumper/src/DE10_LITE_Golden_Top.v Line: 91
    Warning (15610): No output dependent on input pin "SW[3]" File: D:/Projects/GB_Cartdrige_Dumper/src/DE10_LITE_Golden_Top.v Line: 91
    Warning (15610): No output dependent on input pin "SW[4]" File: D:/Projects/GB_Cartdrige_Dumper/src/DE10_LITE_Golden_Top.v Line: 91
    Warning (15610): No output dependent on input pin "SW[5]" File: D:/Projects/GB_Cartdrige_Dumper/src/DE10_LITE_Golden_Top.v Line: 91
    Warning (15610): No output dependent on input pin "SW[6]" File: D:/Projects/GB_Cartdrige_Dumper/src/DE10_LITE_Golden_Top.v Line: 91
    Warning (15610): No output dependent on input pin "SW[7]" File: D:/Projects/GB_Cartdrige_Dumper/src/DE10_LITE_Golden_Top.v Line: 91
    Warning (15610): No output dependent on input pin "SW[8]" File: D:/Projects/GB_Cartdrige_Dumper/src/DE10_LITE_Golden_Top.v Line: 91
    Warning (15610): No output dependent on input pin "SW[9]" File: D:/Projects/GB_Cartdrige_Dumper/src/DE10_LITE_Golden_Top.v Line: 91
    Warning (15610): No output dependent on input pin "GSENSOR_INT[1]" File: D:/Projects/GB_Cartdrige_Dumper/src/DE10_LITE_Golden_Top.v Line: 106
    Warning (15610): No output dependent on input pin "GSENSOR_INT[2]" File: D:/Projects/GB_Cartdrige_Dumper/src/DE10_LITE_Golden_Top.v Line: 106
Info (21057): Implemented 469 device resources after synthesis - the final resource count might be different
    Info (21058): Implemented 16 input pins
    Info (21059): Implemented 74 output pins
    Info (21060): Implemented 55 bidirectional pins
    Info (21061): Implemented 324 logic cells
Info: Quartus Prime Analysis & Synthesis was successful. 0 errors, 123 warnings
    Info: Peak virtual memory: 4842 megabytes
    Info: Processing ended: Tue Apr 12 16:11:58 2022
    Info: Elapsed time: 00:00:08
    Info: Total CPU time (on all processors): 00:00:17


+------------------------------------------+
; Analysis & Synthesis Suppressed Messages ;
+------------------------------------------+
The suppressed messages can be found in D:/Projects/GB_Cartdrige_Dumper/src/output_files/7SegController.map.smsg.


